2026-10-05 13:59:16,683 | INFO     | ================================================================================
2026-10-05 13:59:16,683 | INFO     | 🚀 RSS to Blogger Automation - Advanced Version
2026-10-05 13:59:16,683 | INFO     | ================================================================================
2026-10-05 13:59:16,684 | INFO     | ⏰ Execution Start: 2026-10-05 13:59:16
2026-10-05 13:59:16,874 | INFO     | file_cache is only supported with oauth2client<4.0.0
2026-10-05 13:59:16,875 | INFO     | 📡 Reading feed: https://viralkand.com/feed/
2026-10-05 13:59:20,003 | INFO     | 📡 Reading feed: https://maal69.nl/feed/
2026-10-05 13:59:39,466 | WARNING  | ⚠️ No entries found in RSS feeds
2026-10-05 14:12:26,240 | INFO     | ================================================================================
2026-10-05 14:12:26,240 | INFO     | 🚀 RSS to Blogger Automation - Advanced Version
2026-10-05 14:12:26,240 | INFO     | ================================================================================
2026-10-05 14:12:26,240 | INFO     | ⏰ Execution Start: 2026-10-05 14:12:26
2026-10-05 14:12:26,351 | INFO     | file_cache is only supported with oauth2client<4.0.0
2026-10-05 14:12:26,352 | INFO     | 📡 Reading feed: https://viralkand.com/feed/
2026-10-05 14:12:26,699 | INFO     | 📡 Reading feed: https://maal69.nl/feed/
2026-10-05 14:12:27,138 | INFO     | 📝 New post detected: Sexy Indian Horny Babe Giving Blowjob Riding Masturbating Doggy Style Fucking
2026-10-05 14:12:27,889 | INFO     | ✅ Posted: Sexy Indian Horny Babe Giving Blowjob Riding Masturbating Doggy Style Fucking
2026-10-05 14:12:27,889 | INFO     | 🏷️ Labels: RSS Auto Post, Automated
2026-10-05 14:12:27,889 | INFO     | 📝 New post detected: Sexy Indian Horny Girl Threesome Fucking
2026-10-05 14:12:28,454 | INFO     | ✅ Posted: Sexy Indian Horny Girl Threesome Fucking
2026-10-05 14:12:28,455 | INFO     | 🏷️ Labels: RSS Auto Post, Automated
2026-10-05 14:12:28,455 | INFO     | 📝 New post detected: Slim Horny Indian Babe Giving Blowjob
2026-10-05 14:12:29,185 | INFO     | ✅ Posted: Slim Horny Indian Babe Giving Blowjob
2026-10-05 14:12:29,185 | INFO     | 🏷️ Labels: RSS Auto Post, Automated
2026-10-05 14:12:29,186 | INFO     | 📝 New post detected: Big Ass Indian AirHostess Fingering Showing Asshole Giving Blowjob Doggy Style Fucking Many
2026-10-05 14:12:29,762 | INFO     | ✅ Posted: Big Ass Indian AirHostess Fingering Showing Asshole Giving Blowjob Doggy Style Fucking Many
2026-10-05 14:12:29,762 | INFO     | 🏷️ Labels: RSS Auto Post, Automated
2026-10-05 14:12:29,763 | INFO     | 📝 New post detected: Bangladeshi Horny Thick Ass Babe Sucking Dick fucking Hard Doggystyle Cum on Face All Clips Merged
2026-10-05 14:12:30,311 | INFO     | ✅ Posted: Bangladeshi Horny Thick Ass Babe Sucking Dick fucking Hard Doggystyle Cum on Face All Clips Merged
2026-10-05 14:12:30,311 | INFO     | 🏷️ Labels: RSS Auto Post, Automated
2026-10-05 14:12:30,312 | INFO     | 📝 New post detected: Beautiful Girl Hard Fucking With Boyfriend
2026-10-05 14:12:30,462 | ERROR    | ❌ Failed to post: Beautiful Girl Hard Fucking With Boyfriend | Error: <HttpError 429 when requesting https://blogger.googleapis.com/v3/blogs/6574999141617169100/posts?alt=json returned "Resource has been exhausted (e.g. check quota).". Details: "[{'message': 'Resource has been exhausted (e.g. check quota).', 'domain': 'global', 'reason': 'rateLimitExceeded'}]">
2026-10-05 14:12:30,462 | INFO     | 📝 New post detected: Bhabhi Giving Blowjob Hard Stand Fucking
2026-10-05 14:12:30,639 | ERROR    | ❌ Failed to post: Bhabhi Giving Blowjob Hard Stand Fucking | Error: <HttpError 429 when requesting https://blogger.googleapis.com/v3/blogs/6574999141617169100/posts?alt=json returned "Resource has been exhausted (e.g. check quota).". Details: "[{'message': 'Resource has been exhausted (e.g. check quota).', 'domain': 'global', 'reason': 'rateLimitExceeded'}]">
2026-10-05 14:12:30,639 | INFO     | 📝 New post detected: Horny Girlfriend Fingering Masturbating
2026-10-05 14:12:30,804 | ERROR    | ❌ Failed to post: Horny Girlfriend Fingering Masturbating | Error: <HttpError 429 when requesting https://blogger.googleapis.com/v3/blogs/6574999141617169100/posts?alt=json returned "Resource has been exhausted (e.g. check quota).". Details: "[{'message': 'Resource has been exhausted (e.g. check quota).', 'domain': 'global', 'reason': 'rateLimitExceeded'}]">
2026-10-05 14:12:30,804 | INFO     | 📝 New post detected: Big Ass Sexy Pakistani Wife Giving Blowjob Riding More Videos
2026-10-05 14:12:30,969 | ERROR    | ❌ Failed to post: Big Ass Sexy Pakistani Wife Giving Blowjob Riding More Videos | Error: <HttpError 429 when requesting https://blogger.googleapis.com/v3/blogs/6574999141617169100/posts?alt=json returned "Resource has been exhausted (e.g. check quota).". Details: "[{'message': 'Resource has been exhausted (e.g. check quota).', 'domain': 'global', 'reason': 'rateLimitExceeded'}]">
2026-10-05 14:12:30,969 | INFO     | 📝 New post detected: Horny Indian Girl Painful Fucking Loud Moaning 2 Clips
2026-10-05 14:12:31,101 | ERROR    | ❌ Failed to post: Horny Indian Girl Painful Fucking Loud Moaning 2 Clips | Error: <HttpError 429 when requesting https://blogger.googleapis.com/v3/blogs/6574999141617169100/posts?alt=json returned "Resource has been exhausted (e.g. check quota).". Details: "[{'message': 'Resource has been exhausted (e.g. check quota).', 'domain': 'global', 'reason': 'rateLimitExceeded'}]">
2026-10-05 14:12:31,101 | INFO     | ================================================================================
2026-10-05 14:12:31,101 | INFO     | 📊 Published: 5
2026-10-05 14:12:31,101 | INFO     | 📊 Skipped: 0
2026-10-05 14:12:31,101 | INFO     | ✅ Automation completed successfully!
2026-10-05 14:12:31,101 | INFO     | ================================================================================
